224,1,00000228: InitNetwork__7SyringeFv
224,1,00000458: Subscribe__Q211SyringeCore15ModuleLoadEventFPFP12gfModuleInfo_v
224,1,000008a4:syInlineHook__11SyringeCoreFCUlPCv
224,1,00000a24:syInlineHookRel__11SyringeCoreFCUlPCvi
224,1,00000a68:sySimpleHook__11SyringeCoreFCUlPCvi
224,1,00000ca0:syReplaceFunc__11SyringeCoreFCUlPCvPPvi
224,1,00000ce8:syReplaceFuncRel__11SyringeCoreFCUlPCvPPvi
224,1,00000ca0:syReplaceFunc__11SyringeCoreFPCvPCvPPvi
224,1,00000ed4:EncodeBranch__12SyringeUtilsFUlUlb
224,1,00000f78:EncodeBranch__12SyringeUtilsFUlUl
224,1,00000fb8: __ct__Q27Syringe7VersionFPCc
224,1,00001018: __lt__7SyringeFRCQ27Syringe7VersionRCQ27Syringe7Version
224,1,000010c0: __eq__7SyringeFRCQ27Syringe7VersionRCQ27Syringe7Version
224,1,0000114c: __ne__7SyringeFRCQ27Syringe7VersionRCQ27Syringe7Version
224,1,000011dc: versionToString__7SyringeFRCQ27Syringe7VersionPc
224,1,00000a68:sySimpleHook__11SyringeCoreFCUlPCv
224,1,00000c58:sySimpleHookRel__11SyringeCoreFCUlPCvi
224,1,00000ca0:syReplaceFunc__11SyringeCoreFCUlPCvPPv