80629A6D: ftManagerStaminaMode
80629A6A: ftManagerGameRule
80629A68: ftManagerField68
805A00E0: g_GameGlobal
803f602c:memmove
801e104c:OSCancelThread
80018de4:setGX__FP8gfCamera
801f12fc:GXSetPointSize
801f12ac:GXSetLineWidth
801f12fc:GXSetPointSize
801f12ac:GXSetLineWidth
80069f2c:Print__FP7MessageCUs
8006b660:setObjZcompare__FP7Messageib
80281bbc:memcpy
805e4c4c:__RTTI__7gfScene
805e67e4:__RTTI__7scMelee
80050424:gmSetRuleToGlobalModeMelee__FP17gmGlobalModeMelee
806dce94:setupMelee__FPvUi
800e19ec:updateStockCoin__8IfPlayerFP8IfPlayerUi
80024e20:render__FPv
8002b7f4:push_gfPadStatusQueue__FPvPv
8002b920:pop_gfPadStatusQueue__FPvPv
800260b4:dump_gfMemoryPool__FPv
8001789c:renderNormal__FPv
8005f668:render_ecMgr__FPv
8001370c:constructGfArchive__FP9gfArchive
800151fc:readFileRequest__9gfArchiveFPcQ25Heaps8HeapTypeiiQ25Heaps8HeapType
800afbfc:menuRootCreate__FPciP9gfArchivei
800b753c:setFrame__8MuObjectFf
800b5854:setActionNo__8MuObjectFPvUiii
801971d0:BindResAnmScn__FPvPv
8000d6dc:setInfoCamResAnm__11gfSceneRootFPv
80014ed4:readFile__9gfArchiveFPcQ25Heaps8HeapType
801b4d94:Pushback__Q34nw4r3g3d6ScnMdlFPvPvPCc
801b4af4:constructScnMdlExpand__FP12MEMAllocatorPvUiPv
8018e5d4:BindResFile__FPvPv
801ab6cc:ConstructScnGroup__FP12MEMAllocatorPvi
801b354c:SetChoice__FPvi
800791fc:getBgmTitleDataPlayId__FPvi
8082c050:addSlot__13ftSlotManagerF15gmCharacterKindUcUii
80827d40:load__6ftSlotFiii
8084eed8:reqMask__FPv6ftKindUiUiUiUiQ25Heaps8HeapTypeQ25Heaps8HeapTypeUc
8084fd4c:init__18ftDataTaskResourceFPc6ftKindUciUcUciQ25Heaps8HeapTypeUciUc
80044a50:getNode__6utListFUi
8004496c:remove__6utListFP10utListNode
8084fc50:__ct__18ftDataTaskResourceFv